{
  "bounce": true,
  "email": {
    "body": "This is the mail system at host mailer.acme.email.\n\nI'm sorry to have to inform you that your message could not be delivered to one or more recipients. It's attached below.\n\nFor further assistance, please send mail to postmaster.\n\nIf you do so, please include this problem report. You can delete your own text from the attached returned message.\n\nThe mail system\n\n<support@alyaf.com>: host mail.alyaf.com[5.9.147.154] said: 550 No such recipient here (in reply to RCPT TO command)",
    "intro": "This is the mail system at host mailer.acme.email.\n\nI'm sorry to have to inform you that your message could not be delivered to one or more recipients. It's attached below.\n\nFor further assistance, please send mail to postmaster.\n\nIf you do so, please include this problem report. You can delete your own text from the attached returned message.\n\nThe mail system",
    "error": "<support@alyaf.com>: host mail.alyaf.com[5.9.147.154] said: 550 No such recipient here (in reply to RCPT TO command)"
  },
  "data": {
    "error": {
      "code": {
        "basic": "550",
        "enhanced": null
      },
      "label": "No such recipient here",
      "type": "action_not_taken",
      "temporary": false,
      "permanent": true,
      "data": {
        "type": "no_such_recipient",
        "blocked": false,
        "spam": false
      }
    },
    "recipient": "support@alyaf.com",
    "server": {
      "hostname": "mail.alyaf.com",
      "ip": "5.9.147.154",
      "port": null
    },
    "command": "RCPT TO"
  }
}