{
  "bounce": true,
  "email": {
    "body": "This is the mail system at host mailer.acme.email.\n\nI'm sorry to have to inform you that your message could not be delivered to one or more recipients. It's attached below.\n\nFor further assistance, please send mail to postmaster.\n\nIf you do so, please include this problem report. You can delete your own text from the attached returned message.\n\nThe mail system\n\n<elgado@atizapan.mx>: host mail.atizapan.mx[25.171.290.3] said: 550 5.1.1 <elgado@atizapan.mx>: Recipient address rejected: User unknown in local recipient table (in reply to RCPT TO command)",
    "intro": "This is the mail system at host mailer.acme.email.\n\nI'm sorry to have to inform you that your message could not be delivered to one or more recipients. It's attached below.\n\nFor further assistance, please send mail to postmaster.\n\nIf you do so, please include this problem report. You can delete your own text from the attached returned message.\n\nThe mail system",
    "error": "<elgado@atizapan.mx>: host mail.atizapan.mx[25.171.290.3] said: 550 5.1.1 <elgado@atizapan.mx>: Recipient address rejected: User unknown in local recipient table (in reply to RCPT TO command)"
  },
  "data": {
    "error": {
      "code": {
        "basic": "550",
        "enhanced": "5.1.1"
      },
      "label": "<elgado@atizapan.mx>: Recipient address rejected: User unknown in local recipient table",
      "type": "action_not_taken",
      "temporary": false,
      "permanent": true,
      "data": {
        "type": "no_such_recipient"
      }
    },
    "recipient": "elgado@atizapan.mx",
    "server": {
      "hostname": "mail.atizapan.mx",
      "ip": "25.171.290.3",
      "port": null
    },
    "command": "RCPT TO"
  }
}