{
  "bounce": true,
  "email": {
    "body": "This is the mail system at host mailer.acme.email.\n\nI'm sorry to have to inform you that your message could not be delivered to one or more recipients. It's attached below.\n\nFor further assistance, please send mail to postmaster.\n\nIf you do so, please include this problem report. You can delete your own text from the attached returned message.\n\nThe mail system\n\n<dmarc@reports.emailserver.com>: host mxb.mailgun.org[43.106.31.24] said: 550 5.0.1 Recipient rejected (in reply to RCPT TO command)",
    "intro": "This is the mail system at host mailer.acme.email.\n\nI'm sorry to have to inform you that your message could not be delivered to one or more recipients. It's attached below.\n\nFor further assistance, please send mail to postmaster.\n\nIf you do so, please include this problem report. You can delete your own text from the attached returned message.\n\nThe mail system",
    "error": "<dmarc@reports.emailserver.com>: host mxb.mailgun.org[43.106.31.24] said: 550 5.0.1 Recipient rejected (in reply to RCPT TO command)"
  },
  "data": {
    "error": {
      "code": {
        "basic": "550",
        "enhanced": "5.0.1"
      },
      "label": "Recipient rejected",
      "type": "action_not_taken",
      "temporary": false,
      "permanent": true,
      "data": {
        "type": "no_such_recipient",
        "blocked": false,
        "spam": false
      }
    },
    "recipient": "dmarc@reports.emailserver.com",
    "server": {
      "hostname": "mxb.mailgun.org",
      "ip": "43.106.31.24",
      "port": null
    },
    "command": "RCPT TO"
  }
}