{
  "bounce": true,
  "email": {
    "body": "This is the mail system at host mailer.acme.email.\n\nI'm sorry to have to inform you that your message could not be delivered to one or more recipients. It's attached below.\n\nFor further assistance, please send mail to postmaster.\n\nIf you do so, please include this problem report. You can delete your own text from the attached returned message.\n\nThe mail system\n\n<jan@ceo-nord.dk>: host mail.protonmail.ch[158.70.24.182] said: 550 5.7.1 Rejected by spam filter (in reply to end of DATA command)",
    "intro": "This is the mail system at host mailer.acme.email.\n\nI'm sorry to have to inform you that your message could not be delivered to one or more recipients. It's attached below.\n\nFor further assistance, please send mail to postmaster.\n\nIf you do so, please include this problem report. You can delete your own text from the attached returned message.\n\nThe mail system",
    "error": "<jan@ceo-nord.dk>: host mail.protonmail.ch[158.70.24.182] said: 550 5.7.1 Rejected by spam filter (in reply to end of DATA command)"
  },
  "data": {
    "error": {
      "code": {
        "basic": "550",
        "enhanced": "5.7.1"
      },
      "label": "Rejected by spam filter",
      "type": "action_not_taken",
      "temporary": false,
      "permanent": true,
      "data": {
        "type": "spam_content",
        "blocked": false,
        "spam": true
      }
    },
    "recipient": "jan@ceo-nord.dk",
    "server": {
      "hostname": "mail.protonmail.ch",
      "ip": "158.70.24.182",
      "port": null
    },
    "command": "DATA"
  }
}