{
  "bounce": true,
  "email": {
    "body": "This is the mail system at host mailer.acme.email.\n\nI'm sorry to have to inform you that your message could not be delivered to one or more recipients. It's attached below.\n\nFor further assistance, please send mail to postmaster.\n\nIf you do so, please include this problem report. You can delete your own text from the attached returned message.\n\nThe mail system\n\n<amir.kov@beta.fr>: host mx1.ovh.net[198.156.73.122] said: 550 5.1.1 <amir.kov@beta.fr>: Recipient address rejected: User unknown (in reply to RCPT TO command)",
    "intro": "This is the mail system at host mailer.acme.email.\n\nI'm sorry to have to inform you that your message could not be delivered to one or more recipients. It's attached below.\n\nFor further assistance, please send mail to postmaster.\n\nIf you do so, please include this problem report. You can delete your own text from the attached returned message.\n\nThe mail system",
    "error": "<amir.kov@beta.fr>: host mx1.ovh.net[198.156.73.122] said: 550 5.1.1 <amir.kov@beta.fr>: Recipient address rejected: User unknown (in reply to RCPT TO command)"
  },
  "data": {
    "error": {
      "code": {
        "basic": "550",
        "enhanced": "5.1.1"
      },
      "label": "<amir.kov@beta.fr>: Recipient address rejected: User unknown",
      "type": "action_not_taken",
      "data": {
        "type": "no_such_recipient"
      }
    },
    "recipient": "amir.kov@beta.fr",
    "server": {
      "hostname": "mx1.ovh.net",
      "ip": "198.156.73.122",
      "port": null
    },
    "command": "RCPT TO"
  }
}