{
  "bounce": true,
  "email": {
    "body": "This is the mail system at host mailer.acme.email.\n\nI'm sorry to have to inform you that your message could not be delivered to one or more recipients. It's attached below.\n\nFor further assistance, please send mail to postmaster.\n\nIf you do so, please include this problem report. You can delete your own text from the attached returned message.\n\nThe mail system\n\n<sammey@gamil.com>: host mail.gamil.com[192.225.145.171] said: 511 sorry, no mailbox here by that name (#5.1.1 - chkuser) (in reply to RCPT TO command)",
    "intro": "This is the mail system at host mailer.acme.email.\n\nI'm sorry to have to inform you that your message could not be delivered to one or more recipients. It's attached below.\n\nFor further assistance, please send mail to postmaster.\n\nIf you do so, please include this problem report. You can delete your own text from the attached returned message.\n\nThe mail system",
    "error": "<sammey@gamil.com>: host mail.gamil.com[192.225.145.171] said: 511 sorry, no mailbox here by that name (#5.1.1 - chkuser) (in reply to RCPT TO command)"
  },
  "data": {
    "error": {
      "code": {
        "basic": "550",
        "enhanced": "5.1.1"
      },
      "label": "sorry, no mailbox here by that name (#5.1.1 - chkuser)",
      "type": "action_not_taken",
      "temporary": false,
      "permanent": true,
      "data": {
        "type": "no_such_recipient",
        "blocked": false,
        "spam": false
      }
    },
    "recipient": "sammey@gamil.com",
    "server": {
      "hostname": "mail.gamil.com",
      "ip": "192.225.145.171",
      "port": null
    },
    "command": "RCPT TO"
  }
}