{
  "bounce": true,
  "email": {
    "body": "Hello",
    "intro": null,
    "error": null
  },
  "data": {
    "error": {
      "code": {
        "basic": null,
        "enhanced": null
      },
      "label": null,
      "temporary": false,
      "permanent": false,
      "data": {
        "type": null,
        "blocked": false,
        "spam": false
      }
    },
    "recipient": null,
    "server": {
      "hostname": null,
      "ip": null,
      "port": null
    },
    "command": null
  }
}